Archive member included to satisfy reference by file (symbol)

/Applications/ArmGNUToolchain/15.2.rel1/arm-none-eabi/bin/../lib/gcc/arm-none-eabi/15.2.1/../../../../arm-none-eabi/lib/thumb/v7e-m/nofp/libc.a(libc_a-memset.o)
                              CMakeFiles/rtos.elf.dir/src/rtos_kernel.c.obj (memset)
/Applications/ArmGNUToolchain/15.2.rel1/arm-none-eabi/bin/../lib/gcc/arm-none-eabi/15.2.1/../../../../arm-none-eabi/lib/thumb/v7e-m/nofp/libc.a(libc_a-strncpy.o)
                              CMakeFiles/rtos.elf.dir/src/rtos_task.c.obj (strncpy)
/Applications/ArmGNUToolchain/15.2.rel1/arm-none-eabi/bin/../lib/gcc/arm-none-eabi/15.2.1/../../../../arm-none-eabi/lib/thumb/v7e-m/nofp/libc.a(libc_a-memcpy.o)
                              CMakeFiles/rtos.elf.dir/src/rtos_sync.c.obj (memcpy)

Discarded input sections

 .text          0x00000000        0x0 CMakeFiles/rtos.elf.dir/startup.c.obj
 .data          0x00000000        0x0 CMakeFiles/rtos.elf.dir/startup.c.obj
 .bss           0x00000000        0x0 CMakeFiles/rtos.elf.dir/startup.c.obj
 .text.SystemInit
                0x00000000       0x18 CMakeFiles/rtos.elf.dir/startup.c.obj
 .text          0x00000000        0x0 CMakeFiles/rtos.elf.dir/src/rtos_port.c.obj
 .data          0x00000000        0x0 CMakeFiles/rtos.elf.dir/src/rtos_port.c.obj
 .bss           0x00000000        0x0 CMakeFiles/rtos.elf.dir/src/rtos_port.c.obj
 .text.rtos_critical_enter
                0x00000000        0xe CMakeFiles/rtos.elf.dir/src/rtos_port.c.obj
 .text.rtos_critical_exit
                0x00000000       0x16 CMakeFiles/rtos.elf.dir/src/rtos_port.c.obj
 .text.rtos_in_isr
                0x00000000       0x22 CMakeFiles/rtos.elf.dir/src/rtos_port.c.obj
 .text          0x00000000        0x0 CMakeFiles/rtos.elf.dir/src/rtos_kernel.c.obj
 .data          0x00000000        0x0 CMakeFiles/rtos.elf.dir/src/rtos_kernel.c.obj
 .bss           0x00000000        0x0 CMakeFiles/rtos.elf.dir/src/rtos_kernel.c.obj
 .text.rtos_is_running
                0x00000000       0x18 CMakeFiles/rtos.elf.dir/src/rtos_kernel.c.obj
 .text.rtos_stats_task_runs
                0x00000000       0x16 CMakeFiles/rtos.elf.dir/src/rtos_kernel.c.obj
 .text          0x00000000        0x0 CMakeFiles/rtos.elf.dir/src/rtos_task.c.obj
 .data          0x00000000        0x0 CMakeFiles/rtos.elf.dir/src/rtos_task.c.obj
 .bss           0x00000000        0x0 CMakeFiles/rtos.elf.dir/src/rtos_task.c.obj
 .text.rtos_delay
                0x00000000       0x78 CMakeFiles/rtos.elf.dir/src/rtos_task.c.obj
 .text.rtos_task_resume
                0x00000000       0x64 CMakeFiles/rtos.elf.dir/src/rtos_task.c.obj
 .text.rtos_task_current
                0x00000000       0x14 CMakeFiles/rtos.elf.dir/src/rtos_task.c.obj
 .text.rtos_task_name
                0x00000000       0x34 CMakeFiles/rtos.elf.dir/src/rtos_task.c.obj
 .text.rtos_task_priority
                0x00000000       0x34 CMakeFiles/rtos.elf.dir/src/rtos_task.c.obj
 .text.rtos_task_stack_unused
                0x00000000       0x68 CMakeFiles/rtos.elf.dir/src/rtos_task.c.obj
 .text.rtos_task_stack_overflow
                0x00000000       0x3c CMakeFiles/rtos.elf.dir/src/rtos_task.c.obj
 .text          0x00000000        0x0 CMakeFiles/rtos.elf.dir/src/rtos_sync.c.obj
 .data          0x00000000        0x0 CMakeFiles/rtos.elf.dir/src/rtos_sync.c.obj
 .bss           0x00000000        0x0 CMakeFiles/rtos.elf.dir/src/rtos_sync.c.obj
 .text.rtos_sem_wait
                0x00000000       0xac CMakeFiles/rtos.elf.dir/src/rtos_sync.c.obj
 .text.rtos_sem_post
                0x00000000       0x88 CMakeFiles/rtos.elf.dir/src/rtos_sync.c.obj
 .text.rtos_sem_try
                0x00000000       0x1a CMakeFiles/rtos.elf.dir/src/rtos_sync.c.obj
 .text.rtos_mutex_try
                0x00000000       0x1a CMakeFiles/rtos.elf.dir/src/rtos_sync.c.obj
 .text.rtos_queue_count
                0x00000000       0x20 CMakeFiles/rtos.elf.dir/src/rtos_sync.c.obj
 .text.rtos_queue_is_empty
                0x00000000       0x2a CMakeFiles/rtos.elf.dir/src/rtos_sync.c.obj
 .text.rtos_queue_is_full
                0x00000000       0x2e CMakeFiles/rtos.elf.dir/src/rtos_sync.c.obj
 .text          0x00000000        0x0 CMakeFiles/rtos.elf.dir/src/rtos_timer.c.obj
 .data          0x00000000        0x0 CMakeFiles/rtos.elf.dir/src/rtos_timer.c.obj
 .bss           0x00000000        0x0 CMakeFiles/rtos.elf.dir/src/rtos_timer.c.obj
 .text.rtos_timer_start_once
                0x00000000       0xa4 CMakeFiles/rtos.elf.dir/src/rtos_timer.c.obj
 .text.rtos_timer_stop
                0x00000000       0x3e CMakeFiles/rtos.elf.dir/src/rtos_timer.c.obj
 .text.rtos_timer_is_active
                0x00000000       0x20 CMakeFiles/rtos.elf.dir/src/rtos_timer.c.obj
 .text          0x00000000        0x0 CMakeFiles/rtos.elf.dir/src/hal_uart.c.obj
 .data          0x00000000        0x0 CMakeFiles/rtos.elf.dir/src/hal_uart.c.obj
 .bss           0x00000000        0x0 CMakeFiles/rtos.elf.dir/src/hal_uart.c.obj
 .text.hal_uart_getc
                0x00000000       0x26 CMakeFiles/rtos.elf.dir/src/hal_uart.c.obj
 .text.hal_uart_puts
                0x00000000       0x3e CMakeFiles/rtos.elf.dir/src/hal_uart.c.obj
 .text.hal_uart_rx_available
                0x00000000       0x20 CMakeFiles/rtos.elf.dir/src/hal_uart.c.obj
 .text.hal_uart_tx_ready
                0x00000000       0x20 CMakeFiles/rtos.elf.dir/src/hal_uart.c.obj
 .text.hal_debug
                0x00000000       0x20 CMakeFiles/rtos.elf.dir/src/hal_uart.c.obj
 .text          0x00000000        0x0 CMakeFiles/rtos.elf.dir/src/hal_gpio.c.obj
 .data          0x00000000        0x0 CMakeFiles/rtos.elf.dir/src/hal_gpio.c.obj
 .bss           0x00000000        0x0 CMakeFiles/rtos.elf.dir/src/hal_gpio.c.obj
 .text.hal_gpio_set
                0x00000000       0x24 CMakeFiles/rtos.elf.dir/src/hal_gpio.c.obj
 .text.hal_gpio_clear
                0x00000000       0x26 CMakeFiles/rtos.elf.dir/src/hal_gpio.c.obj
 .text.hal_gpio_read
                0x00000000       0x2e CMakeFiles/rtos.elf.dir/src/hal_gpio.c.obj
 .text.hal_delay_ms
                0x00000000       0x2e CMakeFiles/rtos.elf.dir/src/hal_gpio.c.obj
 .text          0x00000000        0x0 CMakeFiles/rtos.elf.dir/src/main.c.obj
 .data          0x00000000        0x0 CMakeFiles/rtos.elf.dir/src/main.c.obj
 .bss           0x00000000        0x0 CMakeFiles/rtos.elf.dir/src/main.c.obj
 .text          0x00000000        0x0 /Applications/ArmGNUToolchain/15.2.rel1/arm-none-eabi/bin/../lib/gcc/arm-none-eabi/15.2.1/../../../../arm-none-eabi/lib/thumb/v7e-m/nofp/libc.a(libc_a-memset.o)
 .data          0x00000000        0x0 /Applications/ArmGNUToolchain/15.2.rel1/arm-none-eabi/bin/../lib/gcc/arm-none-eabi/15.2.1/../../../../arm-none-eabi/lib/thumb/v7e-m/nofp/libc.a(libc_a-memset.o)
 .bss           0x00000000        0x0 /Applications/ArmGNUToolchain/15.2.rel1/arm-none-eabi/bin/../lib/gcc/arm-none-eabi/15.2.1/../../../../arm-none-eabi/lib/thumb/v7e-m/nofp/libc.a(libc_a-memset.o)
 .debug_frame   0x00000000       0x2c /Applications/ArmGNUToolchain/15.2.rel1/arm-none-eabi/bin/../lib/gcc/arm-none-eabi/15.2.1/../../../../arm-none-eabi/lib/thumb/v7e-m/nofp/libc.a(libc_a-memset.o)
 .ARM.attributes
                0x00000000       0x2e /Applications/ArmGNUToolchain/15.2.rel1/arm-none-eabi/bin/../lib/gcc/arm-none-eabi/15.2.1/../../../../arm-none-eabi/lib/thumb/v7e-m/nofp/libc.a(libc_a-memset.o)
 .text          0x00000000        0x0 /Applications/ArmGNUToolchain/15.2.rel1/arm-none-eabi/bin/../lib/gcc/arm-none-eabi/15.2.1/../../../../arm-none-eabi/lib/thumb/v7e-m/nofp/libc.a(libc_a-strncpy.o)
 .data          0x00000000        0x0 /Applications/ArmGNUToolchain/15.2.rel1/arm-none-eabi/bin/../lib/gcc/arm-none-eabi/15.2.1/../../../../arm-none-eabi/lib/thumb/v7e-m/nofp/libc.a(libc_a-strncpy.o)
 .bss           0x00000000        0x0 /Applications/ArmGNUToolchain/15.2.rel1/arm-none-eabi/bin/../lib/gcc/arm-none-eabi/15.2.1/../../../../arm-none-eabi/lib/thumb/v7e-m/nofp/libc.a(libc_a-strncpy.o)
 .debug_frame   0x00000000       0x28 /Applications/ArmGNUToolchain/15.2.rel1/arm-none-eabi/bin/../lib/gcc/arm-none-eabi/15.2.1/../../../../arm-none-eabi/lib/thumb/v7e-m/nofp/libc.a(libc_a-strncpy.o)
 .ARM.attributes
                0x00000000       0x2e /Applications/ArmGNUToolchain/15.2.rel1/arm-none-eabi/bin/../lib/gcc/arm-none-eabi/15.2.1/../../../../arm-none-eabi/lib/thumb/v7e-m/nofp/libc.a(libc_a-strncpy.o)
 .data          0x00000000        0x0 /Applications/ArmGNUToolchain/15.2.rel1/arm-none-eabi/bin/../lib/gcc/arm-none-eabi/15.2.1/../../../../arm-none-eabi/lib/thumb/v7e-m/nofp/libc.a(libc_a-memcpy.o)
 .bss           0x00000000        0x0 /Applications/ArmGNUToolchain/15.2.rel1/arm-none-eabi/bin/../lib/gcc/arm-none-eabi/15.2.1/../../../../arm-none-eabi/lib/thumb/v7e-m/nofp/libc.a(libc_a-memcpy.o)
 .ARM.extab     0x00000000        0x0 /Applications/ArmGNUToolchain/15.2.rel1/arm-none-eabi/bin/../lib/gcc/arm-none-eabi/15.2.1/../../../../arm-none-eabi/lib/thumb/v7e-m/nofp/libc.a(libc_a-memcpy.o)
 .debug_line_str
                0x00000000       0xe9 /Applications/ArmGNUToolchain/15.2.rel1/arm-none-eabi/bin/../lib/gcc/arm-none-eabi/15.2.1/../../../../arm-none-eabi/lib/thumb/v7e-m/nofp/libc.a(libc_a-memcpy.o)
 .debug_frame   0x00000000       0x28 /Applications/ArmGNUToolchain/15.2.rel1/arm-none-eabi/bin/../lib/gcc/arm-none-eabi/15.2.1/../../../../arm-none-eabi/lib/thumb/v7e-m/nofp/libc.a(libc_a-memcpy.o)
 .ARM.attributes
                0x00000000       0x1c /Applications/ArmGNUToolchain/15.2.rel1/arm-none-eabi/bin/../lib/gcc/arm-none-eabi/15.2.1/../../../../arm-none-eabi/lib/thumb/v7e-m/nofp/libc.a(libc_a-memcpy.o)

Memory Configuration

Name             Origin             Length             Attributes
FLASH            0x08000000         0x00100000         xr
SRAM             0x20000000         0x00020000         xrw
CCM              0x10000000         0x00010000         xrw
*default*        0x00000000         0xffffffff

Linker script and memory map

LOAD CMakeFiles/rtos.elf.dir/startup.c.obj
LOAD CMakeFiles/rtos.elf.dir/src/rtos_port.c.obj
LOAD CMakeFiles/rtos.elf.dir/src/rtos_kernel.c.obj
LOAD CMakeFiles/rtos.elf.dir/src/rtos_task.c.obj
LOAD CMakeFiles/rtos.elf.dir/src/rtos_sync.c.obj
LOAD CMakeFiles/rtos.elf.dir/src/rtos_timer.c.obj
LOAD CMakeFiles/rtos.elf.dir/src/hal_uart.c.obj
LOAD CMakeFiles/rtos.elf.dir/src/hal_gpio.c.obj
LOAD CMakeFiles/rtos.elf.dir/src/main.c.obj
                0x00001000                        _Min_Heap_Size = 0x1000
                0x00001000                        _Min_Stack_Size = 0x1000

.isr_vector     0x08000000       0xdc
                0x08000000                        . = ALIGN (0x4)
 *(.isr_vector)
 .isr_vector    0x08000000       0xdc CMakeFiles/rtos.elf.dir/startup.c.obj
                0x08000000                vector_table
                0x080000dc                        . = ALIGN (0x4)

.text           0x080000dc     0x2028
                0x080000dc                        . = ALIGN (0x4)
 *(.text)
 .text          0x080000dc      0x134 /Applications/ArmGNUToolchain/15.2.rel1/arm-none-eabi/bin/../lib/gcc/arm-none-eabi/15.2.1/../../../../arm-none-eabi/lib/thumb/v7e-m/nofp/libc.a(libc_a-memcpy.o)
                0x080000dc                memcpy
 *(.text*)
 .text.__WFI    0x08000210        0xe CMakeFiles/rtos.elf.dir/startup.c.obj
 *fill*         0x0800021e        0x2 
 .text.Reset_Handler
                0x08000220       0x60 CMakeFiles/rtos.elf.dir/startup.c.obj
                0x08000220                Reset_Handler
 .text.Default_Handler
                0x08000280        0x8 CMakeFiles/rtos.elf.dir/startup.c.obj
                0x08000280                DMA1_Stream3_IRQHandler
                0x08000280                DebugMon_Handler
                0x08000280                DMA1_Stream5_IRQHandler
                0x08000280                PVD_IRQHandler
                0x08000280                TAMP_STAMP_IRQHandler
                0x08000280                NMI_Handler
                0x08000280                EXTI3_IRQHandler
                0x08000280                EXTI0_IRQHandler
                0x08000280                DMA1_Stream2_IRQHandler
                0x08000280                UsageFault_Handler
                0x08000280                USART3_IRQHandler
                0x08000280                DMA1_Stream6_IRQHandler
                0x08000280                DMA1_Stream1_IRQHandler
                0x08000280                RCC_IRQHandler
                0x08000280                Default_Handler
                0x08000280                ADC_IRQHandler
                0x08000280                RTC_WKUP_IRQHandler
                0x08000280                MemManage_Handler
                0x08000280                DMA1_Stream0_IRQHandler
                0x08000280                SVC_Handler
                0x08000280                EXTI4_IRQHandler
                0x08000280                WWDG_IRQHandler
                0x08000280                EXTI1_IRQHandler
                0x08000280                USART2_IRQHandler
                0x08000280                FLASH_IRQHandler
                0x08000280                BusFault_Handler
                0x08000280                USART1_IRQHandler
                0x08000280                DMA1_Stream4_IRQHandler
                0x08000280                EXTI2_IRQHandler
 .text.HardFault_Handler
                0x08000288       0x30 CMakeFiles/rtos.elf.dir/startup.c.obj
                0x08000288                HardFault_Handler
 .text.__disable_irq
                0x080002b8        0xe CMakeFiles/rtos.elf.dir/src/rtos_port.c.obj
 .text.__enable_irq
                0x080002c6        0xe CMakeFiles/rtos.elf.dir/src/rtos_port.c.obj
 .text.__DSB    0x080002d4       0x10 CMakeFiles/rtos.elf.dir/src/rtos_port.c.obj
 .text.__ISB    0x080002e4       0x10 CMakeFiles/rtos.elf.dir/src/rtos_port.c.obj
 .text.__WFI    0x080002f4        0xe CMakeFiles/rtos.elf.dir/src/rtos_port.c.obj
 .text.__get_PRIMASK
                0x08000302       0x18 CMakeFiles/rtos.elf.dir/src/rtos_port.c.obj
 .text.__set_PRIMASK
                0x0800031a       0x18 CMakeFiles/rtos.elf.dir/src/rtos_port.c.obj
 *fill*         0x08000332        0x2 
 .text.rtos_port_init
                0x08000334       0x38 CMakeFiles/rtos.elf.dir/src/rtos_port.c.obj
                0x08000334                rtos_port_init
 .text.rtos_port_init_stack
                0x0800036c       0xfc CMakeFiles/rtos.elf.dir/src/rtos_port.c.obj
                0x0800036c                rtos_port_init_stack
 .text.rtos_task_exit
                0x08000468       0x18 CMakeFiles/rtos.elf.dir/src/rtos_port.c.obj
                0x08000468                rtos_task_exit
 .text.rtos_trigger_context_switch
                0x08000480       0x20 CMakeFiles/rtos.elf.dir/src/rtos_port.c.obj
                0x08000480                rtos_trigger_context_switch
 .text.rtos_port_start_first_task
                0x080004a0       0x40 CMakeFiles/rtos.elf.dir/src/rtos_port.c.obj
                0x080004a0                rtos_port_start_first_task
 .text.PendSV_Handler
                0x080004e0       0x34 CMakeFiles/rtos.elf.dir/src/rtos_port.c.obj
                0x080004e0                PendSV_Handler
 .text.SysTick_Handler
                0x08000514       0x58 CMakeFiles/rtos.elf.dir/src/rtos_port.c.obj
                0x08000514                SysTick_Handler
 .text.rtos_enter_critical
                0x0800056c       0x1a CMakeFiles/rtos.elf.dir/src/rtos_port.c.obj
                0x0800056c                rtos_enter_critical
 .text.rtos_exit_critical
                0x08000586       0x16 CMakeFiles/rtos.elf.dir/src/rtos_port.c.obj
                0x08000586                rtos_exit_critical
 .text.__WFI    0x0800059c        0xe CMakeFiles/rtos.elf.dir/src/rtos_kernel.c.obj
 .text.__CLZ    0x080005aa       0x1c CMakeFiles/rtos.elf.dir/src/rtos_kernel.c.obj
 .text.rtos_list_init
                0x080005c6       0x1e CMakeFiles/rtos.elf.dir/src/rtos_kernel.c.obj
                0x080005c6                rtos_list_init
 .text.rtos_list_is_empty
                0x080005e4       0x20 CMakeFiles/rtos.elf.dir/src/rtos_kernel.c.obj
                0x080005e4                rtos_list_is_empty
 .text.rtos_list_add_tail
                0x08000604       0x40 CMakeFiles/rtos.elf.dir/src/rtos_kernel.c.obj
                0x08000604                rtos_list_add_tail
 .text.rtos_list_add_head
                0x08000644       0x40 CMakeFiles/rtos.elf.dir/src/rtos_kernel.c.obj
                0x08000644                rtos_list_add_head
 .text.rtos_list_add_priority
                0x08000684       0x92 CMakeFiles/rtos.elf.dir/src/rtos_kernel.c.obj
                0x08000684                rtos_list_add_priority
 .text.rtos_list_remove
                0x08000716       0x58 CMakeFiles/rtos.elf.dir/src/rtos_kernel.c.obj
                0x08000716                rtos_list_remove
 .text.rtos_list_pop_head
                0x0800076e       0x4c CMakeFiles/rtos.elf.dir/src/rtos_kernel.c.obj
                0x0800076e                rtos_list_pop_head
 *fill*         0x080007ba        0x2 
 .text.rtos_add_ready
                0x080007bc       0x48 CMakeFiles/rtos.elf.dir/src/rtos_kernel.c.obj
                0x080007bc                rtos_add_ready
 .text.rtos_remove_ready
                0x08000804       0x58 CMakeFiles/rtos.elf.dir/src/rtos_kernel.c.obj
                0x08000804                rtos_remove_ready
 .text.rtos_get_highest_priority_task
                0x0800085c       0x34 CMakeFiles/rtos.elf.dir/src/rtos_kernel.c.obj
                0x0800085c                rtos_get_highest_priority_task
 .text.rtos_add_to_delay_list
                0x08000890       0xd0 CMakeFiles/rtos.elf.dir/src/rtos_kernel.c.obj
                0x08000890                rtos_add_to_delay_list
 .text.rtos_check_delayed_tasks
                0x08000960       0x50 CMakeFiles/rtos.elf.dir/src/rtos_kernel.c.obj
                0x08000960                rtos_check_delayed_tasks
 .text.rtos_schedule
                0x080009b0       0x7c CMakeFiles/rtos.elf.dir/src/rtos_kernel.c.obj
                0x080009b0                rtos_schedule
 .text.rtos_idle_task
                0x08000a2c       0x20 CMakeFiles/rtos.elf.dir/src/rtos_kernel.c.obj
                0x08000a2c                rtos_idle_task
 .text.rtos_init
                0x08000a4c       0x74 CMakeFiles/rtos.elf.dir/src/rtos_kernel.c.obj
                0x08000a4c                rtos_init
 .text.rtos_start
                0x08000ac0       0x4c CMakeFiles/rtos.elf.dir/src/rtos_kernel.c.obj
                0x08000ac0                rtos_start
 .text.rtos_now
                0x08000b0c       0x14 CMakeFiles/rtos.elf.dir/src/rtos_kernel.c.obj
                0x08000b0c                rtos_now
 .text.rtos_stats_context_switches
                0x08000b20       0x14 CMakeFiles/rtos.elf.dir/src/rtos_kernel.c.obj
                0x08000b20                rtos_stats_context_switches
 .text.rtos_stats_idle_ticks
                0x08000b34       0x14 CMakeFiles/rtos.elf.dir/src/rtos_kernel.c.obj
                0x08000b34                rtos_stats_idle_ticks
 .text.rtos_task_create
                0x08000b48      0x114 CMakeFiles/rtos.elf.dir/src/rtos_task.c.obj
                0x08000b48                rtos_task_create
 .text.rtos_yield
                0x08000c5c       0x24 CMakeFiles/rtos.elf.dir/src/rtos_task.c.obj
                0x08000c5c                rtos_yield
 .text.rtos_delay_until
                0x08000c80       0x70 CMakeFiles/rtos.elf.dir/src/rtos_task.c.obj
                0x08000c80                rtos_delay_until
 .text.rtos_task_suspend
                0x08000cf0       0x94 CMakeFiles/rtos.elf.dir/src/rtos_task.c.obj
                0x08000cf0                rtos_task_suspend
 .text.block_on_wait_list
                0x08000d84       0x74 CMakeFiles/rtos.elf.dir/src/rtos_sync.c.obj
 .text.wake_highest_priority_waiter
                0x08000df8       0x40 CMakeFiles/rtos.elf.dir/src/rtos_sync.c.obj
 .text.rtos_sem_init
                0x08000e38       0x3c CMakeFiles/rtos.elf.dir/src/rtos_sync.c.obj
                0x08000e38                rtos_sem_init
 .text.rtos_mutex_init
                0x08000e74       0x3a CMakeFiles/rtos.elf.dir/src/rtos_sync.c.obj
                0x08000e74                rtos_mutex_init
 *fill*         0x08000eae        0x2 
 .text.rtos_mutex_lock
                0x08000eb0      0x118 CMakeFiles/rtos.elf.dir/src/rtos_sync.c.obj
                0x08000eb0                rtos_mutex_lock
 .text.rtos_mutex_unlock
                0x08000fc8      0x120 CMakeFiles/rtos.elf.dir/src/rtos_sync.c.obj
                0x08000fc8                rtos_mutex_unlock
 .text.rtos_queue_init
                0x080010e8       0x6e CMakeFiles/rtos.elf.dir/src/rtos_sync.c.obj
                0x080010e8                rtos_queue_init
 *fill*         0x08001156        0x2 
 .text.rtos_queue_send
                0x08001158      0x190 CMakeFiles/rtos.elf.dir/src/rtos_sync.c.obj
                0x08001158                rtos_queue_send
 .text.rtos_queue_recv
                0x080012e8      0x188 CMakeFiles/rtos.elf.dir/src/rtos_sync.c.obj
                0x080012e8                rtos_queue_recv
 .text.rtos_timer_init
                0x08001470       0x4a CMakeFiles/rtos.elf.dir/src/rtos_timer.c.obj
                0x08001470                rtos_timer_init
 *fill*         0x080014ba        0x2 
 .text.timer_insert
                0x080014bc       0x78 CMakeFiles/rtos.elf.dir/src/rtos_timer.c.obj
 .text.timer_remove
                0x08001534       0x74 CMakeFiles/rtos.elf.dir/src/rtos_timer.c.obj
 .text.rtos_timer_start
                0x080015a8       0xa4 CMakeFiles/rtos.elf.dir/src/rtos_timer.c.obj
                0x080015a8                rtos_timer_start
 .text.rtos_timer_tick
                0x0800164c       0x84 CMakeFiles/rtos.elf.dir/src/rtos_timer.c.obj
                0x0800164c                rtos_timer_tick
 .text.hal_uart_init
                0x080016d0       0xfc CMakeFiles/rtos.elf.dir/src/hal_uart.c.obj
                0x080016d0                hal_uart_init
 .text.hal_uart_putc
                0x080017cc       0x2a CMakeFiles/rtos.elf.dir/src/hal_uart.c.obj
                0x080017cc                hal_uart_putc
 *fill*         0x080017f6        0x2 
 .text.print_char
                0x080017f8       0x24 CMakeFiles/rtos.elf.dir/src/hal_uart.c.obj
 .text.print_string
                0x0800181c       0x38 CMakeFiles/rtos.elf.dir/src/hal_uart.c.obj
 .text.print_uint
                0x08001854       0xa8 CMakeFiles/rtos.elf.dir/src/hal_uart.c.obj
 .text.print_int
                0x080018fc       0x40 CMakeFiles/rtos.elf.dir/src/hal_uart.c.obj
 .text.hal_printf
                0x0800193c      0x17c CMakeFiles/rtos.elf.dir/src/hal_uart.c.obj
                0x0800193c                hal_printf
 .text.hal_gpio_enable_clock
                0x08001ab8       0x7c CMakeFiles/rtos.elf.dir/src/hal_gpio.c.obj
                0x08001ab8                hal_gpio_enable_clock
 .text.hal_gpio_init
                0x08001b34      0x164 CMakeFiles/rtos.elf.dir/src/hal_gpio.c.obj
                0x08001b34                hal_gpio_init
 .text.hal_gpio_toggle
                0x08001c98       0x28 CMakeFiles/rtos.elf.dir/src/hal_gpio.c.obj
                0x08001c98                hal_gpio_toggle
 .text.hal_system_init
                0x08001cc0       0x74 CMakeFiles/rtos.elf.dir/src/hal_gpio.c.obj
                0x08001cc0                hal_system_init
 .text.heartbeat_callback
                0x08001d34       0x1c CMakeFiles/rtos.elf.dir/src/main.c.obj
 .text.task1_fn
                0x08001d50       0x88 CMakeFiles/rtos.elf.dir/src/main.c.obj
 .text.task2_fn
                0x08001dd8       0x7c CMakeFiles/rtos.elf.dir/src/main.c.obj
 .text.task3_fn
                0x08001e54       0x74 CMakeFiles/rtos.elf.dir/src/main.c.obj
 .text.main     0x08001ec8      0x148 CMakeFiles/rtos.elf.dir/src/main.c.obj
                0x08001ec8                main
 .text.memset   0x08002010       0x88 /Applications/ArmGNUToolchain/15.2.rel1/arm-none-eabi/bin/../lib/gcc/arm-none-eabi/15.2.1/../../../../arm-none-eabi/lib/thumb/v7e-m/nofp/libc.a(libc_a-memset.o)
                0x08002010                memset
 .text.strncpy  0x08002098       0x6c /Applications/ArmGNUToolchain/15.2.rel1/arm-none-eabi/bin/../lib/gcc/arm-none-eabi/15.2.1/../../../../arm-none-eabi/lib/thumb/v7e-m/nofp/libc.a(libc_a-strncpy.o)
                0x08002098                strncpy
 *(.glue_7)
 .glue_7        0x08002104        0x0 linker stubs
 *(.glue_7t)
 .glue_7t       0x08002104        0x0 linker stubs
 *(.eh_frame)
 *(.init)
 *(.fini)
                0x08002104                        . = ALIGN (0x4)
                0x08002104                        _etext = .

.vfp11_veneer   0x08002104        0x0
 .vfp11_veneer  0x08002104        0x0 linker stubs

.v4_bx          0x08002104        0x0
 .v4_bx         0x08002104        0x0 linker stubs

.iplt           0x08002104        0x0
 .iplt          0x08002104        0x0 CMakeFiles/rtos.elf.dir/startup.c.obj

.rodata         0x08002104      0x290
                0x08002104                        . = ALIGN (0x4)
 *(.rodata)
 .rodata        0x08002104        0x5 CMakeFiles/rtos.elf.dir/src/rtos_kernel.c.obj
 *fill*         0x08002109        0x3 
 .rodata        0x0800210c        0xd CMakeFiles/rtos.elf.dir/src/rtos_task.c.obj
 *fill*         0x08002119        0x3 
 .rodata        0x0800211c       0x21 CMakeFiles/rtos.elf.dir/src/hal_uart.c.obj
 *fill*         0x0800213d        0x3 
 .rodata        0x08002140       0x30 CMakeFiles/rtos.elf.dir/src/hal_gpio.c.obj
 .rodata        0x08002170      0x222 CMakeFiles/rtos.elf.dir/src/main.c.obj
 *(.rodata*)
                0x08002394                        . = ALIGN (0x4)
 *fill*         0x08002392        0x2 

.ARM.extab
 *(.ARM.extab* .gnu.linkonce.armextab.*)

.ARM            0x08002394        0x8
                0x08002394                        __exidx_start = .
 *(.ARM.exidx*)
 .ARM.exidx     0x08002394        0x8 /Applications/ArmGNUToolchain/15.2.rel1/arm-none-eabi/bin/../lib/gcc/arm-none-eabi/15.2.1/../../../../arm-none-eabi/lib/thumb/v7e-m/nofp/libc.a(libc_a-memcpy.o)
                0x0800239c                        __exidx_end = .
                0x0800239c                        _sidata = LOADADDR (.data)

.rel.dyn        0x0800239c        0x0
 .rel.iplt      0x0800239c        0x0 CMakeFiles/rtos.elf.dir/startup.c.obj

.data           0x20000000        0x4 load address 0x0800239c
                0x20000000                        . = ALIGN (0x4)
                0x20000000                        _sdata = .
 *(.data)
 *(.data*)
 .data.g_printf_uart
                0x20000000        0x4 CMakeFiles/rtos.elf.dir/src/hal_uart.c.obj
                0x20000004                        . = ALIGN (0x4)
                0x20000004                        _edata = .

.igot.plt       0x20000004        0x0 load address 0x080023a0
 .igot.plt      0x20000004        0x0 CMakeFiles/rtos.elf.dir/startup.c.obj

.bss            0x20000004      0xfd0 load address 0x080023a0
                0x20000004                        . = ALIGN (0x4)
                0x20000004                        _sbss = .
                0x20000004                        __bss_start__ = _sbss
 *(.bss)
 *(.bss*)
 .bss.g_kernel  0x20000004       0x48 CMakeFiles/rtos.elf.dir/src/rtos_kernel.c.obj
                0x20000004                g_kernel
 .bss.idle_tcb  0x2000004c       0x40 CMakeFiles/rtos.elf.dir/src/rtos_kernel.c.obj
 .bss.idle_stack
                0x2000008c      0x200 CMakeFiles/rtos.elf.dir/src/rtos_kernel.c.obj
 .bss.task1_stack
                0x2000028c      0x400 CMakeFiles/rtos.elf.dir/src/main.c.obj
 .bss.task1_tcb
                0x2000068c       0x40 CMakeFiles/rtos.elf.dir/src/main.c.obj
 .bss.task2_stack
                0x200006cc      0x400 CMakeFiles/rtos.elf.dir/src/main.c.obj
 .bss.task2_tcb
                0x20000acc       0x40 CMakeFiles/rtos.elf.dir/src/main.c.obj
 .bss.task3_stack
                0x20000b0c      0x400 CMakeFiles/rtos.elf.dir/src/main.c.obj
 .bss.task3_tcb
                0x20000f0c       0x40 CMakeFiles/rtos.elf.dir/src/main.c.obj
 .bss.shared_mutex
                0x20000f4c       0x10 CMakeFiles/rtos.elf.dir/src/main.c.obj
 .bss.sync_sem  0x20000f5c        0xc CMakeFiles/rtos.elf.dir/src/main.c.obj
 .bss.queue_buffer
                0x20000f68       0x20 CMakeFiles/rtos.elf.dir/src/main.c.obj
 .bss.msg_queue
                0x20000f88       0x28 CMakeFiles/rtos.elf.dir/src/main.c.obj
 .bss.heartbeat_timer
                0x20000fb0       0x18 CMakeFiles/rtos.elf.dir/src/main.c.obj
 .bss.task1_count
                0x20000fc8        0x4 CMakeFiles/rtos.elf.dir/src/main.c.obj
 .bss.task2_count
                0x20000fcc        0x4 CMakeFiles/rtos.elf.dir/src/main.c.obj
 .bss.task3_count
                0x20000fd0        0x4 CMakeFiles/rtos.elf.dir/src/main.c.obj
 *(COMMON)
                0x20000fd4                        . = ALIGN (0x4)
                0x20000fd4                        _ebss = .
                0x20000fd4                        __bss_end__ = _ebss

._user_heap_stack
                0x20000fd4     0x2004 load address 0x080023a0
                0x20000fd8                        . = ALIGN (0x8)
 *fill*         0x20000fd4        0x4 
                [!provide]                        PROVIDE (end = .)
                [!provide]                        PROVIDE (_end = .)
                0x20001fd8                        . = (. + _Min_Heap_Size)
 *fill*         0x20000fd8     0x1000 
                0x20002fd8                        . = (. + _Min_Stack_Size)
 *fill*         0x20001fd8     0x1000 
                0x20002fd8                        . = ALIGN (0x8)
                0x20020000                        _estack = (ORIGIN (SRAM) + LENGTH (SRAM))

/DISCARD/
 libc.a(*)
 libm.a(*)
 libgcc.a(*)

.ARM.attributes
                0x00000000       0x2c
 *(.ARM.attributes)
 .ARM.attributes
                0x00000000       0x2e CMakeFiles/rtos.elf.dir/startup.c.obj
 .ARM.attributes
                0x0000002e       0x2e CMakeFiles/rtos.elf.dir/src/rtos_port.c.obj
 .ARM.attributes
                0x0000005c       0x2e CMakeFiles/rtos.elf.dir/src/rtos_kernel.c.obj
 .ARM.attributes
                0x0000008a       0x2e CMakeFiles/rtos.elf.dir/src/rtos_task.c.obj
 .ARM.attributes
                0x000000b8       0x2e CMakeFiles/rtos.elf.dir/src/rtos_sync.c.obj
 .ARM.attributes
                0x000000e6       0x2e CMakeFiles/rtos.elf.dir/src/rtos_timer.c.obj
 .ARM.attributes
                0x00000114       0x2e CMakeFiles/rtos.elf.dir/src/hal_uart.c.obj
 .ARM.attributes
                0x00000142       0x2e CMakeFiles/rtos.elf.dir/src/hal_gpio.c.obj
 .ARM.attributes
                0x00000170       0x2e CMakeFiles/rtos.elf.dir/src/main.c.obj
OUTPUT(rtos.elf elf32-littlearm)
LOAD linker stubs
LOAD /Applications/ArmGNUToolchain/15.2.rel1/arm-none-eabi/bin/../lib/gcc/arm-none-eabi/15.2.1/../../../../arm-none-eabi/lib/thumb/v7e-m/nofp/libc.a
LOAD /Applications/ArmGNUToolchain/15.2.rel1/arm-none-eabi/bin/../lib/gcc/arm-none-eabi/15.2.1/../../../../arm-none-eabi/lib/thumb/v7e-m/nofp/libm.a
LOAD /Applications/ArmGNUToolchain/15.2.rel1/arm-none-eabi/bin/../lib/gcc/arm-none-eabi/15.2.1/thumb/v7e-m/nofp/libgcc.a

.comment        0x00000000       0x45
 .comment       0x00000000       0x45 CMakeFiles/rtos.elf.dir/startup.c.obj
                                 0x46 (size before relaxing)
 .comment       0x00000045        0x0 CMakeFiles/rtos.elf.dir/src/rtos_port.c.obj
                                 0x46 (size before relaxing)
 .comment       0x00000045        0x0 CMakeFiles/rtos.elf.dir/src/rtos_kernel.c.obj
                                 0x46 (size before relaxing)
 .comment       0x00000045        0x0 CMakeFiles/rtos.elf.dir/src/rtos_task.c.obj
                                 0x46 (size before relaxing)
 .comment       0x00000045        0x0 CMakeFiles/rtos.elf.dir/src/rtos_sync.c.obj
                                 0x46 (size before relaxing)
 .comment       0x00000045        0x0 CMakeFiles/rtos.elf.dir/src/rtos_timer.c.obj
                                 0x46 (size before relaxing)
 .comment       0x00000045        0x0 CMakeFiles/rtos.elf.dir/src/hal_uart.c.obj
                                 0x46 (size before relaxing)
 .comment       0x00000045        0x0 CMakeFiles/rtos.elf.dir/src/hal_gpio.c.obj
                                 0x46 (size before relaxing)
 .comment       0x00000045        0x0 CMakeFiles/rtos.elf.dir/src/main.c.obj
                                 0x46 (size before relaxing)
